2025-03-06 13:01:45,830 - src.masks - INFO - Функция выполнена успешно.
2025-03-06 13:01:45,833 - src.masks - ERROR - Ошибка в функции: Произошла ошибка!
2025-03-06 13:01:45,833 - src.masks - ERROR - Исключение было вызвано.
Traceback (most recent call last):
  File "C:\Users\annak\PycharmProjects\PythonProject\src\masks.py", line 32, in example_function_error
    raise ValueError("Произошла ошибка!")
ValueError: Произошла ошибка!
2025-03-06 13:01:48,826 - src.masks - INFO - Номер карты успешно замаскирован: 1111 22** **** 4444
2025-03-06 13:01:48,826 - src.masks - INFO - Номер карты успешно замаскирован: 5555 66** **** 8888
2025-03-06 13:01:48,827 - src.masks - INFO - Номер счета успешно замаскирован: XXXX7890
2025-03-06 13:01:48,827 - src.masks - INFO - Номер карты успешно замаскирован: 9876 54** **** 7654
2025-03-06 13:01:48,827 - src.masks - INFO - Номер карты успешно замаскирован: 4444 33** **** 1111
2025-03-06 13:01:48,827 - src.masks - INFO - Номер счета успешно замаскирован: XXXX5555
2025-03-06 13:01:49,584 - src.masks - INFO - Номер карты успешно замаскирован: 1234 56** **** 3456
2025-03-06 13:01:49,588 - src.masks - ERROR - Неверная длина номера карты: 12345678901234
2025-03-06 13:01:49,588 - src.masks - ERROR - Произошла ошибка при маскировании номера карты: Card number must be 16 digits long
Traceback (most recent call last):
  File "C:\Users\annak\PycharmProjects\PythonProject\src\masks.py", line 59, in get_mask_card_number
    raise ValueError("Card number must be 16 digits long")
ValueError: Card number must be 16 digits long
2025-03-06 13:01:49,593 - src.masks - ERROR - Попытка передать пустой номер карты.
2025-03-06 13:01:49,593 - src.masks - ERROR - Произошла ошибка при маскировании номера карты: Card number cannot be empty
Traceback (most recent call last):
  File "C:\Users\annak\PycharmProjects\PythonProject\src\masks.py", line 49, in get_mask_card_number
    raise ValueError("Card number cannot be empty")
ValueError: Card number cannot be empty
2025-03-06 13:01:49,598 - src.masks - ERROR - Номер карты содержит недопустимые символы.
2025-03-06 13:01:49,598 - src.masks - ERROR - Произошла ошибка при маскировании номера карты: Card number must contain only digits
Traceback (most recent call last):
  File "C:\Users\annak\PycharmProjects\PythonProject\src\masks.py", line 54, in get_mask_card_number
    raise ValueError("Card number must contain only digits")
ValueError: Card number must contain only digits
2025-03-06 13:01:49,754 - src.masks - INFO - Номер счета успешно замаскирован: XXXX6789
2025-03-06 13:01:49,754 - src.masks - INFO - Номер счета успешно замаскирован: XXXX4321
2025-03-06 13:01:49,755 - src.masks - INFO - Номер счета успешно замаскирован: XXXX1234
2025-03-06 13:01:49,757 - src.masks - INFO - Номер счета успешно замаскирован: XXXX1234
2025-03-06 13:01:49,757 - src.masks - INFO - Номер счета успешно замаскирован: XXXX0001
2025-03-06 13:01:49,758 - src.masks - INFO - Номер счета успешно замаскирован: XXXX3456
2025-03-06 13:01:49,761 - src.masks - ERROR - Недостаточная длина номера счета: 123
2025-03-06 13:01:49,761 - src.masks - ERROR - Произошла ошибка при маскировании номера счета: Номер счета должен содержать как минимум 4 цифры.
Traceback (most recent call last):
  File "C:\Users\annak\PycharmProjects\PythonProject\src\masks.py", line 86, in get_mask_account
    raise ValueError("Номер счета должен содержать как минимум 4 цифры.")
ValueError: Номер счета должен содержать как минимум 4 цифры.
2025-03-06 13:01:49,763 - src.masks - ERROR - Недостаточная длина номера счета: 12
2025-03-06 13:01:49,763 - src.masks - ERROR - Произошла ошибка при маскировании номера счета: Номер счета должен содержать как минимум 4 цифры.
Traceback (most recent call last):
  File "C:\Users\annak\PycharmProjects\PythonProject\src\masks.py", line 86, in get_mask_account
    raise ValueError("Номер счета должен содержать как минимум 4 цифры.")
ValueError: Номер счета должен содержать как минимум 4 цифры.
2025-03-06 13:01:49,764 - src.masks - ERROR - Недостаточная длина номера счета: 
2025-03-06 13:01:49,764 - src.masks - ERROR - Произошла ошибка при маскировании номера счета: Номер счета должен содержать как минимум 4 цифры.
Traceback (most recent call last):
  File "C:\Users\annak\PycharmProjects\PythonProject\src\masks.py", line 86, in get_mask_account
    raise ValueError("Номер счета должен содержать как минимум 4 цифры.")
ValueError: Номер счета должен содержать как минимум 4 цифры.
2025-03-06 13:01:49,768 - src.masks - INFO - Номер карты успешно замаскирован: 4567 89** **** 7890
2025-03-06 13:01:49,768 - src.masks - INFO - Номер карты успешно замаскирован: 4567 89** **** 7890
2025-03-06 13:01:49,768 - src.masks - INFO - Номер карты успешно замаскирован: 5432 10** **** 3210
2025-03-06 13:01:49,768 - src.masks - INFO - Номер карты успешно замаскирован: 5432 10** **** 3210
2025-03-06 13:01:49,769 - src.masks - INFO - Номер счета успешно замаскирован: XXXX7890
2025-03-06 13:01:49,769 - src.masks - INFO - Номер счета успешно замаскирован: XXXX7890
2025-03-06 13:01:49,771 - src.masks - INFO - Номер карты успешно замаскирован: 1111 22** **** 4444
2025-03-06 13:01:49,774 - src.masks - INFO - Номер карты успешно замаскирован: 5555 66** **** 8888
2025-03-06 13:01:49,778 - src.masks - INFO - Номер счета успешно замаскирован: XXXX7890
2025-03-06 13:01:49,780 - src.masks - INFO - Номер карты успешно замаскирован: 9876 54** **** 7654
2025-03-06 13:01:49,783 - src.masks - INFO - Номер карты успешно замаскирован: 4444 33** **** 1111
2025-03-06 13:01:49,786 - src.masks - INFO - Номер счета успешно замаскирован: XXXX5555
